/home/anas-saedwi/anaconda3/envs/quast_env/bin/quast assembly_result/final.contigs.fa -o quast_report

Version: 5.2.0

System information:
  OS: Linux-6.14.0-37-generic-x86_64-with-glibc2.39 (linux_64)
  Python version: 3.9.19
  CPUs number: 8

Started: 2026-01-09 02:41:50

Logging to /home/anas-saedwi/test_Metagenomics/quast_report/quast.log
NOTICE: Maximum number of threads is set to 2 (use --threads option to set it manually)

CWD: /home/anas-saedwi/test_Metagenomics
Main parameters: 
  MODE: default, threads: 2, min contig length: 500, min alignment length: 65, min alignment IDY: 95.0, \
  ambiguity: one, min local misassembly length: 200, min extensive misassembly length: 1000

Contigs:
  Pre-processing...
  assembly_result/final.contigs.fa ==> final.contigs

2026-01-09 02:41:53
Running Basic statistics processor...
  Contig files: 
    final.contigs
  Calculating N50 and L50...
    final.contigs, N50 = 28449, L50 = 224, auN = 128545.3, Total length = 57723807, GC % = 46.91, # N's per 100 kbp =  0.00
  Drawing Nx plot...
    saved to /home/anas-saedwi/test_Metagenomics/quast_report/basic_stats/Nx_plot.pdf
  Drawing cumulative plot...
    saved to /home/anas-saedwi/test_Metagenomics/quast_report/basic_stats/cumulative_plot.pdf
  Drawing GC content plot...
    saved to /home/anas-saedwi/test_Metagenomics/quast_report/basic_stats/GC_content_plot.pdf
  Drawing final.contigs GC content plot...
    saved to /home/anas-saedwi/test_Metagenomics/quast_report/basic_stats/final.contigs_GC_content_plot.pdf
Done.

NOTICE: Genes are not predicted by default. Use --gene-finding or --glimmer option to enable it.

2026-01-09 02:41:59
Creating large visual summaries...
This may take a while: press Ctrl-C to skip this step..
  1 of 2: Creating PDF with all tables and plots...
  2 of 2: Creating Icarus viewers...
Done

2026-01-09 02:42:00
RESULTS:
  Text versions of total report are saved to /home/anas-saedwi/test_Metagenomics/quast_report/report.txt, report.tsv, and report.tex
  Text versions of transposed total report are saved to /home/anas-saedwi/test_Metagenomics/quast_report/transposed_report.txt, transposed_report.tsv, and transposed_report.tex
  HTML version (interactive tables and plots) is saved to /home/anas-saedwi/test_Metagenomics/quast_report/report.html
  PDF version (tables and plots) is saved to /home/anas-saedwi/test_Metagenomics/quast_report/report.pdf
  Icarus (contig browser) is saved to /home/anas-saedwi/test_Metagenomics/quast_report/icarus.html
  Log is saved to /home/anas-saedwi/test_Metagenomics/quast_report/quast.log

Finished: 2026-01-09 02:42:00
Elapsed time: 0:00:09.924627
NOTICEs: 2; WARNINGs: 0; non-fatal ERRORs: 0

Thank you for using QUAST!
